---
source: crates/mindstrata-tests/src/snapshot_tests.rs
assertion_line: 169
expression: agent_states
---
[
    AgentSnapshot {
        name: "Anna",
        age: 38.2898,
        health: 1.0,
        energy: 0.935,
        hunger: 0.192,
        fear: 0.9861,
        anger: 0.0,
        joy: 0.358,
        attachment_security: 0.9268,
        attachment_anxiety: 0.0789,
        heuristic_bias: 0.8444,
        stress_level: 1.0,
        redemption_script: 0.7579,
        depression_risk: 0.1478,
        authority: 0.6,
        wealth_rank: 0.6026,
    },
    AgentSnapshot {
        name: "Bran",
        age: 20.5284,
        health: 1.0,
        energy: 0.9798,
        hunger: 0.216,
        fear: 0.998,
        anger: 0.0,
        joy: 0.998,
        attachment_security: 0.6294,
        attachment_anxiety: 0.3706,
        heuristic_bias: 0.9055,
        stress_level: 1.0,
        redemption_script: 0.7632,
        depression_risk: 0.043,
        authority: 0.0,
        wealth_rank: 0.4118,
    },
    AgentSnapshot {
        name: "Cara",
        age: 33.6084,
        health: 1.0,
        energy: 0.747,
        hunger: 0.013,
        fear: 0.998,
        anger: 0.0,
        joy: 0.0,
        attachment_security: 0.6587,
        attachment_anxiety: 0.3413,
        heuristic_bias: 0.8827,
        stress_level: 1.0,
        redemption_script: 0.5861,
        depression_risk: 0.0073,
        authority: 0.0,
        wealth_rank: 0.6014,
    },
]
