---
source: crates/mindstrata-tests/src/snapshot_tests.rs
assertion_line: 454
expression: "LongHorizonSurface10000\n{\n    tick: ms.tick, agent_count: ms.agent_count, event_count: ms.event_count,\n    avg_stress: ms.avg_stress, avg_health: ms.avg_health,\n    avg_relationship_trust: ms.avg_relationship_trust,\n    avg_relationship_quality: ms.avg_relationship_quality, polarization_index:\n    ms.polarization_index, active_meme_count: ms.active_meme_count,\n    total_grain: ms.total_grain, total_water: ms.total_water,\n    total_memory_traces, memory_kind_distribution, total_internalized_norms,\n    avg_norm_strength, avg_physical_attraction, avg_personality_attraction,\n    avg_status_attraction, avg_moral_attraction, avg_familiarity,\n    avg_envy_cost, relationship_count, relationship_stage_distribution,\n    executed_ritual_count, latest_ritual_occurrence, institution_count,\n    faction_count,\n}"
---
LongHorizonSurface10000 {
    tick: 10000,
    agent_count: 13,
    event_count: 143248,
    avg_stress: 0.4093153846153847,
    avg_health: 0.747353846153846,
    avg_relationship_trust: 0.744594230769231,
    avg_relationship_quality: 0.6337019230769231,
    polarization_index: 0.0672,
    active_meme_count: 3,
    total_grain: 3.6852,
    total_water: 1953.1595,
    total_memory_traces: 1052,
    memory_kind_distribution: {
        "Emotional": 592,
        "Episodic": 17,
        "Procedural": 5,
        "Social": 416,
        "Traumatic": 22,
    },
    total_internalized_norms: 44,
    avg_norm_strength: 0.18062727272727275,
    avg_physical_attraction: 0.5,
    avg_personality_attraction: 0.5,
    avg_status_attraction: 0.2859769230769231,
    avg_moral_attraction: 0.5,
    avg_familiarity: 0.8,
    avg_envy_cost: 0.002592307692307692,
    relationship_count: 156,
    relationship_stage_distribution: {
        "Acquaintance": 18,
        "Ally": 55,
        "AncestorDescendant": 2,
        "CloseFriend": 6,
        "Confidant": 4,
        "ElderJunior": 4,
        "Familiar": 18,
        "Friend": 1,
        "ParentChild": 4,
        "PatronClient": 11,
        "PriestLayperson": 2,
        "Unnoticed": 31,
    },
    executed_ritual_count: 2,
    latest_ritual_occurrence: 8640,
    institution_count: 4,
    faction_count: 1,
}
