---
source: crates/mindstrata-tests/src/snapshot_tests.rs
expression: "Metrics2000\n{\n    avg_hunger: ms.avg_hunger, avg_thirst: ms.avg_thirst, avg_fatigue:\n    ms.avg_fatigue, avg_stress: ms.avg_stress, avg_health: ms.avg_health,\n    avg_relationship_trust: ms.avg_relationship_trust, polarization_index:\n    ms.polarization_index, agent_count: ms.agent_count as f64,\n    household_count: ms.household_count as f64,\n}"
---
Metrics2000 {
    avg_hunger: 0.025083333333333332,
    avg_thirst: 0.0955,
    avg_fatigue: 0.38665,
    avg_stress: 0.3310166666666666,
    avg_health: 0.8360333333333332,
    avg_relationship_trust: 0.7605507575757574,
    polarization_index: 0.0285,
    agent_count: 12.0,
    household_count: 12.0,
}
