---
source: crates/mindstrata-tests/src/snapshot_tests.rs
expression: "LongHorizonSurface10000\n{\n    tick: ms.tick, agent_count: ms.agent_count, event_count: ms.event_count,\n    avg_stress: ms.avg_stress, avg_health: ms.avg_health,\n    avg_relationship_trust: ms.avg_relationship_trust,\n    avg_relationship_quality: ms.avg_relationship_quality, polarization_index:\n    ms.polarization_index, active_meme_count: ms.active_meme_count,\n    total_grain: ms.total_grain, total_water: ms.total_water,\n    total_memory_traces, memory_kind_distribution, total_internalized_norms,\n    avg_norm_strength, avg_physical_attraction, avg_personality_attraction,\n    avg_status_attraction, avg_moral_attraction, avg_familiarity,\n    avg_envy_cost, relationship_count, relationship_stage_distribution,\n    executed_ritual_count, latest_ritual_occurrence, institution_count,\n    faction_count,\n}"
---
LongHorizonSurface10000 {
    tick: 10000,
    agent_count: 13,
    event_count: 145019,
    avg_stress: 0.32380000000000003,
    avg_health: 0.8210846153846154,
    avg_relationship_trust: 0.7749948717948715,
    avg_relationship_quality: 0.675501923076923,
    polarization_index: 0.0275,
    active_meme_count: 5,
    total_grain: 2.4119,
    total_water: 947.7094,
    total_memory_traces: 1049,
    memory_kind_distribution: {
        "Cultural": 1,
        "Emotional": 658,
        "Episodic": 9,
        "Procedural": 3,
        "Social": 365,
        "Traumatic": 13,
    },
    total_internalized_norms: 44,
    avg_norm_strength: 0.18062727272727275,
    avg_physical_attraction: 0.5,
    avg_personality_attraction: 0.5,
    avg_status_attraction: 0.28106923076923074,
    avg_moral_attraction: 0.5,
    avg_familiarity: 0.7585615384615385,
    avg_envy_cost: 0.0022230769230769227,
    relationship_count: 156,
    relationship_stage_distribution: {
        "Acquaintance": 14,
        "Ally": 76,
        "AncestorDescendant": 2,
        "ElderJunior": 4,
        "Familiar": 13,
        "Neighbor": 12,
        "ParentChild": 4,
        "PatronClient": 6,
        "PriestLayperson": 1,
        "Unnoticed": 24,
    },
    executed_ritual_count: 2,
    latest_ritual_occurrence: 8640,
    institution_count: 3,
    faction_count: 0,
}
