---
source: crates/mindstrata-tests/src/snapshot_tests.rs
expression: "Metrics500\n{\n    avg_hunger: ms.avg_hunger, avg_thirst: ms.avg_thirst, avg_fatigue:\n    ms.avg_fatigue, avg_stress: ms.avg_stress, avg_health: ms.avg_health,\n    avg_relationship_trust: ms.avg_relationship_trust,\n    avg_relationship_quality: ms.avg_relationship_quality, polarization_index:\n    ms.polarization_index, agent_count: ms.agent_count as f64,\n    household_count: ms.household_count as f64,\n}"
---
Metrics500 {
    avg_hunger: 0.052000000000000005,
    avg_thirst: 0.217,
    avg_fatigue: 0.07581666666666667,
    avg_stress: 0.29160833333333336,
    avg_health: 0.7991499999999998,
    avg_relationship_trust: 0.6401916666666665,
    avg_relationship_quality: 0.41642424242424236,
    polarization_index: 0.0398,
    agent_count: 12.0,
    household_count: 12.0,
}
