---
source: crates/mindstrata-tests/src/snapshot_tests.rs
assertion_line: 454
expression: "LongHorizonSurface10000\n{\n    tick: ms.tick, agent_count: ms.agent_count, event_count: ms.event_count,\n    avg_stress: ms.avg_stress, avg_health: ms.avg_health,\n    avg_relationship_trust: ms.avg_relationship_trust,\n    avg_relationship_quality: ms.avg_relationship_quality, polarization_index:\n    ms.polarization_index, active_meme_count: ms.active_meme_count,\n    total_grain: ms.total_grain, total_water: ms.total_water,\n    total_memory_traces, memory_kind_distribution, total_internalized_norms,\n    avg_norm_strength, avg_physical_attraction, avg_personality_attraction,\n    avg_status_attraction, avg_moral_attraction, avg_familiarity,\n    avg_envy_cost, relationship_count, relationship_stage_distribution,\n    executed_ritual_count, latest_ritual_occurrence, institution_count,\n    faction_count,\n}"
---
LongHorizonSurface10000 {
    tick: 10000,
    agent_count: 13,
    event_count: 139977,
    avg_stress: 0.3340769230769231,
    avg_health: 0.7884538461538462,
    avg_relationship_trust: 0.8161083333333325,
    avg_relationship_quality: 0.7324993589743592,
    polarization_index: 0.0471,
    active_meme_count: 5,
    total_grain: 2.3612,
    total_water: 1948.3645,
    total_memory_traces: 1026,
    memory_kind_distribution: {
        "Emotional": 615,
        "Episodic": 17,
        "Flashbulb": 1,
        "Procedural": 3,
        "Social": 375,
        "Traumatic": 15,
    },
    total_internalized_norms: 44,
    avg_norm_strength: 0.18062727272727275,
    avg_physical_attraction: 0.5,
    avg_personality_attraction: 0.5,
    avg_status_attraction: 0.2870769230769231,
    avg_moral_attraction: 0.5,
    avg_familiarity: 0.7417846153846154,
    avg_envy_cost: 0.0040846153846153845,
    relationship_count: 156,
    relationship_stage_distribution: {
        "Acquaintance": 13,
        "Ally": 78,
        "AncestorDescendant": 2,
        "CloseFriend": 3,
        "Confidant": 3,
        "ElderJunior": 3,
        "Familiar": 13,
        "Friend": 2,
        "Neighbor": 3,
        "ParentChild": 4,
        "PatronClient": 6,
        "PriestLayperson": 8,
        "Unnoticed": 18,
    },
    executed_ritual_count: 2,
    latest_ritual_occurrence: 8640,
    institution_count: 3,
    faction_count: 0,
}
