---
source: crates/mindstrata-tests/src/snapshot_tests.rs
assertion_line: 226
expression: stage_counts
---
{
    "Acquaintance": 8,
    "Ally": 75,
    "CloseFriend": 2,
    "Confidant": 4,
    "ElderJunior": 5,
    "Familiar": 12,
    "Friend": 4,
    "Neighbor": 1,
    "PatronClient": 6,
    "Unnoticed": 15,
}
