---
source: crates/mindstrata-tests/src/snapshot_tests.rs
expression: endocrine_states
---
[
    EndocrineSnapshot {
        name: "Anna",
        stress: 0.0,
        bonding: 0.3537,
        dominance: 0.3197,
        fertility: 0.7653,
        metabolic_energy: 1.0,
        arousal: 0.3831,
        growth_capacity: 0.6,
    },
    EndocrineSnapshot {
        name: "Bran",
        stress: 0.0,
        bonding: 0.489,
        dominance: 0.4396,
        fertility: 0.8942,
        metabolic_energy: 1.0,
        arousal: 0.3707,
        growth_capacity: 0.6501,
    },
    EndocrineSnapshot {
        name: "Cara",
        stress: 0.0,
        bonding: 0.4827,
        dominance: 0.4989,
        fertility: 0.7473,
        metabolic_energy: 1.0,
        arousal: 0.3422,
        growth_capacity: 0.6,
    },
]
