---
source: crates/mindstrata-tests/src/snapshot_tests.rs
assertion_line: 169
expression: agent_states
---
[
    AgentSnapshot {
        name: "Anna",
        age: 38.2898,
        health: 1.0,
        energy: 0.8946,
        hunger: 0.03,
        fear: 0.9885,
        anger: 0.0286,
        joy: 0.0,
        attachment_security: 1.0,
        attachment_anxiety: 0.0789,
        heuristic_bias: 0.8326,
        stress_level: 1.0,
        redemption_script: 0.6092,
        depression_risk: 0.2153,
        authority: 0.6,
        wealth_rank: 1.0,
    },
    AgentSnapshot {
        name: "Bran",
        age: 20.5284,
        health: 1.0,
        energy: 0.935,
        hunger: 0.19,
        fear: 1.0,
        anger: 0.0,
        joy: 0.746,
        attachment_security: 0.6294,
        attachment_anxiety: 0.3706,
        heuristic_bias: 0.8587,
        stress_level: 1.0,
        redemption_script: 0.8012,
        depression_risk: 0.2037,
        authority: 0.0,
        wealth_rank: 0.4403,
    },
    AgentSnapshot {
        name: "Cara",
        age: 33.6084,
        health: 1.0,
        energy: 0.9318,
        hunger: 0.039,
        fear: 0.982,
        anger: 0.0,
        joy: 0.0,
        attachment_security: 0.6587,
        attachment_anxiety: 0.3413,
        heuristic_bias: 0.8315,
        stress_level: 1.0,
        redemption_script: 0.5713,
        depression_risk: 0.2151,
        authority: 0.0,
        wealth_rank: 0.5396,
    },
]
