---
source: crates/mindstrata-tests/src/snapshot_tests.rs
assertion_line: 226
expression: stage_counts
---
{
    "Acquaintance": 19,
    "Ally": 57,
    "AncestorDescendant": 2,
    "ElderJunior": 4,
    "Familiar": 19,
    "Friend": 1,
    "Neighbor": 2,
    "ParentChild": 4,
    "PatronClient": 13,
    "Unnoticed": 35,
}
