---
source: crates/mindstrata-tests/src/snapshot_tests.rs
assertion_line: 227
expression: endocrine_states
---
[
    EndocrineSnapshot {
        name: "Anna",
        stress: 1.0,
        bonding: 0.3537,
        dominance: 0.2827,
        fertility: 0.5,
        metabolic_energy: 1.0,
        arousal: 1.0,
        growth_capacity: 0.6,
    },
    EndocrineSnapshot {
        name: "Bran",
        stress: 1.0,
        bonding: 0.489,
        dominance: 0.5202,
        fertility: 0.5,
        metabolic_energy: 1.0,
        arousal: 1.0,
        growth_capacity: 0.6,
    },
    EndocrineSnapshot {
        name: "Cara",
        stress: 1.0,
        bonding: 0.4827,
        dominance: 0.5906,
        fertility: 0.5,
        metabolic_energy: 1.0,
        arousal: 1.0,
        growth_capacity: 0.6,
    },
]
