---
source: crates/mindstrata-tests/src/snapshot_tests.rs
assertion_line: 189
expression: inst_states
---
[
    InstitutionSnapshot {
        name: "Village Council",
        kind: "Council",
        legitimacy: 0.4757,
        morale: 0.0948,
        unity: 1.0,
        fear: 0.1577,
        trust_in_leadership: 0.4741,
        member_count: 2,
    },
    InstitutionSnapshot {
        name: "Village Temple",
        kind: "Temple",
        legitimacy: 0.3147,
        morale: 0.0619,
        unity: 1.0,
        fear: 0.207,
        trust_in_leadership: 0.3099,
        member_count: 1,
    },
    InstitutionSnapshot {
        name: "Village Market",
        kind: "Market",
        legitimacy: 0.3078,
        morale: 0.0616,
        unity: 1.0,
        fear: 0.2075,
        trust_in_leadership: 0.3081,
        member_count: 1,
    },
    InstitutionSnapshot {
        name: "Faction #1000",
        kind: "Faction",
        legitimacy: 0.3,
        morale: 0.0647,
        unity: 1.0,
        fear: 0.21,
        trust_in_leadership: 0.3,
        member_count: 4,
    },
    InstitutionSnapshot {
        name: "Faction #1001",
        kind: "Faction",
        legitimacy: 0.3,
        morale: 0.06,
        unity: 1.0,
        fear: 0.21,
        trust_in_leadership: 0.3,
        member_count: 2,
    },
    InstitutionSnapshot {
        name: "Faction #1002",
        kind: "Faction",
        legitimacy: 0.3,
        morale: 0.0696,
        unity: 1.0,
        fear: 0.21,
        trust_in_leadership: 0.3,
        member_count: 6,
    },
]
