---
source: crates/mindstrata-tests/src/snapshot_tests.rs
assertion_line: 189
expression: inst_states
---
[
    InstitutionSnapshot {
        name: "Village Council",
        kind: "Council",
        legitimacy: 0.9994,
        morale: 0.2,
        unity: 1.0,
        fear: 0.0,
        trust_in_leadership: 1.0,
        member_count: 2,
    },
    InstitutionSnapshot {
        name: "Village Temple",
        kind: "Temple",
        legitimacy: 0.498,
        morale: 0.0996,
        unity: 1.0,
        fear: 0.1505,
        trust_in_leadership: 0.4983,
        member_count: 1,
    },
    InstitutionSnapshot {
        name: "Village Market",
        kind: "Market",
        legitimacy: 0.397,
        morale: 0.0794,
        unity: 1.0,
        fear: 0.1807,
        trust_in_leadership: 0.3974,
        member_count: 1,
    },
]
