---
source: crates/mindstrata-tests/src/snapshot_tests.rs
expression: agent_states
---
[
    AgentSnapshot {
        name: "Anna",
        age: 38.2898,
        health: 0.0,
        energy: 0.9358,
        hunger: 0.006,
        fear: 0.4014,
        anger: 0.0,
        joy: 0.0,
        attachment_security: 1.0,
        attachment_anxiety: 0.0789,
        heuristic_bias: 0.4969,
        stress_level: 0.0,
        redemption_script: 0.5,
        depression_risk: 0.0,
        authority: 0.6,
        wealth_rank: 0.5126,
    },
    AgentSnapshot {
        name: "Bran",
        age: 20.5284,
        health: 0.0,
        energy: 0.9206,
        hunger: 0.012,
        fear: 0.4353,
        anger: 0.0,
        joy: 0.0,
        attachment_security: 0.6294,
        attachment_anxiety: 0.3706,
        heuristic_bias: 0.572,
        stress_level: 0.0,
        redemption_script: 0.5,
        depression_risk: 0.0,
        authority: 0.0,
        wealth_rank: 0.237,
    },
    AgentSnapshot {
        name: "Cara",
        age: 33.6084,
        health: 0.0,
        energy: 0.9358,
        hunger: 0.006,
        fear: 0.2505,
        anger: 0.0,
        joy: 0.0,
        attachment_security: 0.6587,
        attachment_anxiety: 0.3413,
        heuristic_bias: 0.5078,
        stress_level: 0.0,
        redemption_script: 0.5,
        depression_risk: 0.0,
        authority: 0.0,
        wealth_rank: 0.5211,
    },
]
