---
source: crates/mindstrata-tests/src/snapshot_tests.rs
expression: "Metrics2000\n{\n    avg_hunger: ms.avg_hunger, avg_thirst: ms.avg_thirst, avg_fatigue:\n    ms.avg_fatigue, avg_stress: ms.avg_stress, avg_health: ms.avg_health,\n    avg_relationship_trust: ms.avg_relationship_trust, polarization_index:\n    ms.polarization_index, agent_count: ms.agent_count as f64,\n    household_count: ms.household_count as f64,\n}"
---
Metrics2000 {
    avg_hunger: 0.03430769230769231,
    avg_thirst: 0.1270769230769231,
    avg_fatigue: 0.3820076923076923,
    avg_stress: 0.3864846153846154,
    avg_health: 0.8297846153846153,
    avg_relationship_trust: 0.6936346153846155,
    polarization_index: 0.0372,
    agent_count: 13.0,
    household_count: 12.0,
}
