---
source: crates/mindstrata-tests/src/snapshot_tests.rs
assertion_line: 189
expression: inst_states
---
[
    InstitutionSnapshot {
        name: "Village Council",
        kind: "Council",
        legitimacy: 0.5908,
        morale: 0.118,
        unity: 1.0,
        fear: 0.1229,
        trust_in_leadership: 0.5903,
        member_count: 2,
    },
    InstitutionSnapshot {
        name: "Village Temple",
        kind: "Temple",
        legitimacy: 0.3147,
        morale: 0.0619,
        unity: 1.0,
        fear: 0.207,
        trust_in_leadership: 0.3099,
        member_count: 1,
    },
    InstitutionSnapshot {
        name: "Village Market",
        kind: "Market",
        legitimacy: 0.3078,
        morale: 0.0616,
        unity: 1.0,
        fear: 0.2075,
        trust_in_leadership: 0.3081,
        member_count: 1,
    },
]
